// Jest Snapshot v1, https://goo.gl/fbAQLP

exports[`SearchDialect renders 1`] = `
<div
  className="SearchDialect"
  data-testid="SearchDialect"
>
  
  <div
    className="SearchDialectForm SearchDialectForm--filtering"
  >
    <button
      className="MuiButtonBase-root MuiButton-root MuiButton-contained MuiButton-containedPrimary"
      disabled={false}
      onBlur={[Function]}
      onClick={[Function]}
      onDragLeave={[Function]}
      onFocus={[Function]}
      onKeyDown={[Function]}
      onKeyUp={[Function]}
      onMouseDown={[Function]}
      onMouseLeave={[Function]}
      onMouseUp={[Function]}
      onTouchEnd={[Function]}
      onTouchMove={[Function]}
      onTouchStart={[Function]}
      tabIndex={0}
      type="button"
    >
      <span
        className="MuiButton-label"
      >
        Stop browsing Alphabetically
      </span>
    </button>
  </div>
</div>
`;
