// Jest Snapshot v1, https://goo.gl/fbAQLP

exports[`Container layer renders everything 1`] = `
<div
  className="SearchDialect"
  data-testid="SearchDialect"
>
  
  <div
    className="SearchDialectForm"
  >
    <div
      className="SearchDialectFormPrimary"
    >
      <input
        className="SearchDialectFormPrimaryInput fontBCSans"
        data-testid="SearchDialectFormPrimaryInput"
        onChange={[Function]}
        onKeyPress={[Function]}
        type="text"
        value=""
      />
      <select
        className="SearchDialectFormSelectSearchType fontBCSans"
        data-testid="SearchDialectFormSelectSearchType"
        defaultValue={1}
        onChange={[Function]}
      >
        <option
          value="match"
        >
          Default
        </option>
        <option
          value="approx"
        >
          Approximate
        </option>
        <option
          value="exact"
        >
          Exact
        </option>
        <option
          value="contains"
        >
          Contains
        </option>
        <option
          value="starts_with"
        >
          Starts with
        </option>
        <option
          value="ends_with"
        >
          Ends with
        </option>
        <option
          value="wildcard"
        >
          Wildcard
        </option>
      </select>
      <button
        className="MuiButtonBase-root MuiButton-root MuiButton-contained MuiButton-containedPrimary"
        disabled={false}
        onBlur={[Function]}
        onClick={[Function]}
        onDragLeave={[Function]}
        onFocus={[Function]}
        onKeyDown={[Function]}
        onKeyUp={[Function]}
        onMouseDown={[Function]}
        onMouseLeave={[Function]}
        onMouseUp={[Function]}
        onTouchEnd={[Function]}
        onTouchMove={[Function]}
        onTouchStart={[Function]}
        tabIndex={0}
        type="button"
      >
        <span
          className="MuiButton-label"
        />
      </button>
      
    </div>
    <div
      className="SearchDialectFormSecondary"
    >
      <span
        className="SearchDialectFormSecondaryGroup"
      >
        <input
          checked={false}
          className="SearchDialectOption"
          id="searchByTitle"
          name="searchByTitle"
          onChange={[Function]}
          type="checkbox"
        />
        <label
          className="SearchDialectLabel"
          htmlFor="searchByTitle"
        >
          Word
        </label>
      </span>
      <span
        className="SearchDialectFormSecondaryGroup"
      >
        <input
          checked={false}
          className="SearchDialectOption"
          id="searchByDefinitions"
          name="searchByDefinitions"
          onChange={[Function]}
          type="checkbox"
        />
        <label
          className="SearchDialectLabel"
          htmlFor="searchByDefinitions"
        >
          Definitions
        </label>
      </span>
      <span
        className="SearchDialectFormSecondaryGroup"
      >
        <input
          checked={false}
          className="SearchDialectOption"
          id="searchByTranslations"
          name="searchByTranslations"
          onChange={[Function]}
          type="checkbox"
        />
        <label
          className="SearchDialectLabel"
          htmlFor="searchByTranslations"
        >
          Literal translations
        </label>
      </span>
      <span
        className="SearchDialectFormSecondaryGroup"
      >
        <label
          className="SearchDialectLabel"
          htmlFor="searchPartOfSpeech"
        >
          Parts of speech:
        </label>
        <select
          className="SearchDialectOption"
          id="searchPartOfSpeech"
          name="searchPartOfSpeech"
          onChange={[Function]}
        >
          <option
            value="Any"
          >
            Any
          </option>
        </select>
      </span>
    </div>
  </div>
</div>
`;
